Shree@DESKTOP-O11PHCG MINGW64 ~/Desktop/Git/tutorial (trynewbranch)
$ git ibit
git: 'ibit' is not a git command. See 'git --help'.

The most similar command is
        init

Shree@DESKTOP-O11PHCG MINGW64 ~/Desktop/Git/tutorial (trynewbranch)
$ git init
Reinitialized existing Git repository in C:/Users/Shree/Desktop/Git/tutorial/.git/

Shree@DESKTOP-O11PHCG MINGW64 ~/Desktop/Git/tutorial (trynewbranch)
$ git status
On branch trynewbranch
nothing to commit, working tree clean

Shree@DESKTOP-O11PHCG MINGW64 ~/Desktop/Git/tutorial (trynewbranch)
$ git add remote origin git@github.com:swatikasture/employeetable.git
fatal: pathspec 'remote' did not match any files

Shree@DESKTOP-O11PHCG MINGW64 ~/Desktop/Git/tutorial (trynewbranch)
$ git remote add origin git@github.com:swatikasture/employeetable.git
error: remote origin already exists.

Shree@DESKTOP-O11PHCG MINGW64 ~/Desktop/Git/tutorial (trynewbranch)
$ git remote -v
origin  git@github.com:swatikasture/tutorial.git (fetch)
origin  git@github.com:swatikasture/tutorial.git (push)

Shree@DESKTOP-O11PHCG MINGW64 ~/Desktop/Git/tutorial (trynewbranch)
$ git status
On branch trynewbranch
Untracked files:
  (use "git add <file>..." to include in what will be committed)
        newwww.txt

nothing added to commit but untracked files present (use "git add" to track)

Shree@DESKTOP-O11PHCG MINGW64 ~/Desktop/Git/tutorial (trynewbranch)
$ git add .

Shree@DESKTOP-O11PHCG MINGW64 ~/Desktop/Git/tutorial (trynewbranch)
$ git commit -m 'timepass commit'
[trynewbranch 9b65174] timepass commit
 1 file changed, 0 insertions(+), 0 deletions(-)
 create mode 100644 newwww.txt

Shree@DESKTOP-O11PHCG MINGW64 ~/Desktop/Git/tutorial (trynewbranch)
$ git push master origin
fatal: 'master' does not appear to be a git repository
fatal: Could not read from remote repository.

Please make sure you have the correct access rights
and the repository exists.

Shree@DESKTOP-O11PHCG MINGW64 ~/Desktop/Git/tutorial (trynewbranch)
$ git push origin master
To github.com:swatikasture/tutorial.git
 ! [rejected]        master -> master (fetch first)
error: failed to push some refs to 'github.com:swatikasture/tutorial.git'
hint: Updates were rejected because the remote contains work that you do
hint: not have locally. This is usually caused by another repository pushing
hint: to the same ref. You may want to first integrate the remote changes
hint: (e.g., 'git pull ...') before pushing again.
hint: See the 'Note about fast-forwards' in 'git push --help' for details.

Shree@DESKTOP-O11PHCG MINGW64 ~/Desktop/Git/tutorial (trynewbranch)
$ git push origin trynewbranch
Enumerating objects: 3, done.
Counting objects: 100% (3/3), done.
Delta compression using up to 4 threads
Compressing objects: 100% (2/2), done.
Writing objects: 100% (2/2), 233 bytes | 233.00 KiB/s, done.
Total 2 (delta 1), reused 0 (delta 0), pack-reused 0
remote: Resolving deltas: 100% (1/1), completed with 1 local object.
To github.com:swatikasture/tutorial.git
   82a9d45..9b65174  trynewbranch -> trynewbranch

Shree@DESKTOP-O11PHCG MINGW64 ~/Desktop/Git/tutorial (trynewbranch)
$
